GeoIP
acl
aic94xx-firmware
audit-libs
avago-megaraid-sas
avago-mpt3sas
basesystem
bash
bind-libs-lite
bind-license
biosdevname
boost-system
boost-thread
bridge-utils
broadcom-bnxt-en
bzip2
bzip2-libs
ca-certificates
chelsio-cxgb4
chkconfig
chrony
cisco-enic
cisco-fnic
coreutils
cpio
cracklib
cracklib-dicts
cryptsetup-libs
curl
cyrus-sasl-lib
dbus
dbus-libs
device-mapper
device-mapper-event
device-mapper-event-libs
device-mapper-libs
device-mapper-multipath
device-mapper-multipath-libs
device-mapper-persistent-data
dhclient
dhcp-common
dhcp-libs
diffutils
dmidecode
e2fsprogs
e2fsprogs-libs
edk2
efibootmgr
efivar-libs
elfutils-default-yama-scope
elfutils-libelf
elfutils-libs
emulex-lpfc
ethtool
expat
fcoe-utils
file-libs
filesystem
findutils
fipscheck
fipscheck-lib
gawk
gdbm
gdisk
glib2
glibc
glibc-common
gmp
gnupg2
gpgme
grep
gssproxy
gzip
hardlink
host-installer-startup
hostname
hwdata
info
initscripts
intel-e1000e
intel-fm10k
intel-i40e
intel-ice
intel-igb
intel-ixgbe
iproute
iputils
ipxe
iscsi-initiator-utils
iscsi-initiator-utils-iscsiuio
json-c
kbd
kbd-legacy
kbd-misc
kernel
kernel-alt
keyutils
keyutils-libs
kmod
kmod-libs
kpartx
krb5-libs
libacl
libaio
libassuan
libattr
libbasicobjects
libblkid
libcap
libcap-ng
libcollection
libcom_err
libconfig
libcurl
libdb
libdb-utils
libedit
libempserver
libestr
libevent
libfastjson
libffi
libgcc
libgcrypt
libgpg-error
libicu
libidn
libini_config
libmnl
libmount
libnfsidmap
libnl3
libpath_utils
libpciaccess
libpwquality
librados2
libref_array
libreport-filesystem
libseccomp
libselinux
libsemanage
libsepol
libss
libssh2
libstdc++
libsysfs
libtasn1
libtirpc
libuser
libutempter
libuuid
libverto
libverto-libevent
libxml2
linux-firmware
lldpad
logrotate
lua
lvm2
lvm2-libs
lz4
lzo
mdadm
microsemi-smartpqi
ncurses
ncurses-base
ncurses-libs
net-tools
newt
newt-python
nfs-utils
nspr
nss
nss-pem
nss-softokn
nss-softokn-freebl
nss-sysinit
nss-tools
nss-util
openldap
openssh
openssh-clients
openssh-server
openssl-libs
p11-kit
p11-kit-trust
pam
pciutils
pciutils-libs
pcre
pinentry
popt
procps-ng
psmisc
pth
pygpgme
pyliblzma
python
python-iniparse
python-libs
python-pycurl
python-urlgrabber
pyxattr
qlogic-fastlinq
qlogic-netxtreme2-4.19.0+1-modules
qlogic-netxtreme2
qlogic-qla2xxx
qlogic-qla2xxx-firmware
qrencode-libs
quota
quota-nls
readline
rootfiles
rpcbind
rpm
rpm-build-libs
rpm-libs
rpm-python
rsync
rsyslog
sed
setup
sg3_utils-libs
shadow-utils
shared-mime-info
slang
sqlite
systemd
systemd-libs
systemd-sysv
sysvinit-tools
tar
tcp_wrappers
tcp_wrappers-libs
tzdata
ustr
util-linux
vendor-drivers
vim-minimal
wget
xcp-python-libs
xen-dom0-libs
xen-dom0-tools
xen-installer-files
xen-libs
xen-tools
xcp-ng-release
xcp-ng-release-presets
xz
xz-libs
yajl
yum
yum-metadata-parser
yum-plugin-fastestmirror
zlib
